// Jest Snapshot v1, https://goo.gl/fbAQLP

exports[`Input should render with snapshot 1`] = `
<DocumentFragment>
  <input
    class="input"
    data-testid="messageSendingFormInput"
    placeholder="test placeholder"
    type="text"
    value="test value"
  />
</DocumentFragment>
`;
