// Jest Snapshot v1, https://goo.gl/fbAQLP

exports[`Button should render with snapshot 1`] = `
<DocumentFragment>
  <button
    class="button"
  >
    Send
  </button>
</DocumentFragment>
`;
