// Jest Snapshot v1, https://goo.gl/fbAQLP

exports[`MessageList should render with snapshot 1`] = `
<DocumentFragment>
  <ul
    class="MuiList-root MuiList-padding gap-medium angle-round background-color-primary css-li95ps-MuiList-root"
    data-testid="messageList"
  >
    <li
      class="MuiListItem-root MuiListItem-gutters MuiListItem-padding message css-1s94d1u-MuiListItem-root"
    >
      placerat duis ultricies lacus sed turpis tincidunt id aliquet risus
      <span
        class="message__author-sign"
      >
        Gabor
      </span>
    </li>
    <li
      class="MuiListItem-root MuiListItem-gutters MuiListItem-padding message css-1s94d1u-MuiListItem-root"
    >
      et molestie ac feugiat sed lectus vestibulum mattis ullamcorper velit
      <span
        class="message__author-sign"
      >
        Gabor
      </span>
    </li>
    <li
      class="MuiListItem-root MuiListItem-gutters MuiListItem-padding message css-1s94d1u-MuiListItem-root"
    >
      felis eget velit aliquet sagittis id consectetur purus ut faucibus
      <span
        class="message__author-sign"
      >
        Gabor
      </span>
    </li>
  </ul>
</DocumentFragment>
`;
