// Jest Snapshot v1, https://goo.gl/fbAQLP

exports[`Message should render with snapshot 1`] = `
<DocumentFragment>
  <li
    class="MuiListItem-root MuiListItem-gutters MuiListItem-padding message css-1s94d1u-MuiListItem-root"
  >
    placerat duis ultricies lacus sed turpis tincidunt id aliquet risus
    <span
      class="message__author-sign"
    >
      Gabor
    </span>
  </li>
</DocumentFragment>
`;
